Versal> [vck190-8] Systest# power 0 power 1 bootmode "sd1_ls" connect com0
Power: OFF
Power: ON
Waiting for system controller to boot up...
INFO: boot mode is jtag
INFO: boot mode is sd1_ls
Connecting to device com0.  Use Ctrl-\ to escape.
P;5]Release 2024.1   Jun  4 2024  -  11:36:06
[0.121]Platform Version: v2.0 PMC: v2.0, PS: v2.0
[0.164]BOOTMODE: 0xE, MULTIBOOT: 0xF0000000
[0.199]****************************************
[0.404]Non Secure Boot
[3.569]PLM Initialization Time
[3.597]***********Boot PDI Load: Started***********
[3.638]Loading PDI from SD1_LS
[3.666]Monolithic/Master Device
[412.685]409.039 ms: PDI initialization time
[412.727]+++Loading Image#: 0x1, Name: lpd, Id: 0x04210002
[412.777]---Loading Partition#: 0x1, Id: 0xC
[469.459] 56.634 ms for Partition#: 0x1, Size: 10368 Bytes
[474.513]---Loading Partition#: 0x2, Id: 0x0
[515.448] 37.007 ms for Partition#: 0x2, Size: 66304 Bytes
PSM Firmware version: 2024.1 [Build: Jun  4 2024 11:42:25 ]
[523.065]+++Loading Image#: 0x2, Name: pl_cfi, Id: 0x18700000
[528.414]---Loading Partition#: 0x3, Id: 0x3
[1232.116] 699.770 ms for Partition#: 0x3, Size: 1241952 Bytes
[1234.763]---Loading Partition#: 0x4, Id: 0x5
[2015.958] 777.182 ms for Partition#: 0x4, Size: 1332144 Bytes
[2018.619]+++Loading Image#: 0x3, Name: aie_subsys, Id: 0x0421C005
[2024.408]---Loading Partition#: 0x5, Id: 0x7
[2034.030] 5.607 ms for Partition#: 0x5, Size: 1664 Bytes
[2036.262]+++Loading Image#: 0x4, Name: fpd, Id: 0x0420C003
[2041.453]---Loading Partition#: 0x6, Id: 0x8
[2050.254] 4.785 ms for Partition#: 0x6, Size: 4320 Bytes
[2052.755]+++Loading Image#: 0x5, Name: apu_subsystem, Id: 0x1C000000
[2058.531]---Loading Partition#: 0x7, Id: 0x0
[2079.965] 17.420 ms for Partition#: 0x7, Size: 29936 Bytes
[2082.358]---Loading Partition#: 0x8, Id: 0x0
[2121.909] 35.536 ms for Partition#: 0x8, Size: 67632 Bytes
[2124.301]---Loading Partition#: 0x9, Id: 0x0
[2750.133] 621.815 ms for Partition#: 0x9, Size: 1192864 Bytes
[2752.829]***********Boot PDI Load: Done***********
[2757.308]473.549 ms: ROM Time
[2760.027]Total PLM Boot Time
INFO:    BL31: Early console setup
NOTICE:  TF-A running on Versal Silicon
INFO:    BL31: GET_HANDOFF_PARAMS call success=0
INFO:    BL31: PLM to TF-A handover success 0
NOTICE:  BL31: Secure code at 0x0
NOTICE:  BL31: Non secure code at 0x8000000
NOTICE:  BL31: v2.10.0  (debug):v1.1-13187-g4f82b6134
NOTICE:  BL31: Built : 04:45:53, Mar 12 2024
INFO:    GICv3 with legacy support detected.
INFO:    ARM GICv3 driver initialized in EL3
INFO:    Maximum SPI INTID supported: 191
INFO:    BL31: Initializing runtime services
INFO:    BL31: cortex_a72: CPU workaround for erratum 859971 was applied
INFO:    BL31: cortex_a72: CPU workaround for erratum 1319367 was applied
INFO:    BL31: cortex_a72: CPU workaround for CVE 2017_5715 was applied
INFO:    BL31: cortex_a72: CPU workaround for CVE 2018_3639 was applied
INFO:    BL31: cortex_a72: CPU workaround for CVE 2022_23960 was applied
INFO:    BL31: Preparing for EL3 exit to normal world
INFO:    Entry point address = 0x8000000
INFO:    SPSR = 0x3c9


U-Boot 2024.01 (Mar 14 2024 - 08:06:30 +0000)

CPU:   Versal
Silicon: v2
Chip:  v2
Model: Xilinx Versal vck190 Eval board revA
DRAM:  2 GiB (effective 16 GiB)
EL Level:       EL2
Core:  40 devices, 21 uclasses, devicetree: board
MMC:   mmc@f1050000: 0
Loading Environment from FAT... *** Error - No Valid Environment Area found
*** Warning - bad env area, using default environment

In:    serial@ff000000
Out:   serial@ff000000
Err:   serial@ff000000
Bootmode: LVL_SHFT_SD_MODE1
Net:
ZYNQ GEM: ff0c0000, mdio bus ff0c0000, phyaddr 1, interface rgmii-id

Warning: ethernet@ff0c0000 (eth0) using random MAC address - de:10:fd:87:ba:84
eth0: ethernet@ff0c0000Get shared mii bus on ethernet@ff0d0000

ZYNQ GEM: ff0d0000, mdio bus ff0c0000, phyaddr 2, interface rgmii-id

Warning: ethernet@ff0d0000 (eth1) using random MAC address - 3a:d1:aa:51:78:d8
, eth1: ethernet@ff0d0000
Hit any key to stop autoboot:  0
switch to partitions #0, OK
mmc0 is current device
Scanning mmc 0:1...
Found U-Boot script /boot.scr.uimg
6918 bytes read in 17 ms (396.5 KiB/s)
## Executing script at 20000000
Configuring the cma value based on the board type
Working FDT set to 7deac680
The CMA value is not being set by U-boot for this board - the value will be set by Linux
Loading image.fit
75077028 bytes read in 10019 ms (7.1 MiB/s)
## Loading kernel from FIT Image at 10000000 ...
   Using 'conf-zcu-vck' configuration
   Trying 'kernel-1' kernel subimage
     Description:  Ubuntu kernel
     Type:         Kernel Image
     Compression:  gzip compressed
     Data Start:   0x100000ec
     Data Size:    19067626 Bytes = 18.2 MiB
     Architecture: AArch64
     OS:           Linux
     Load Address: 0x00200000
     Entry Point:  0x00200000
     Hash algo:    sha1
     Hash value:   ffd0d972e7600bd0df63a3d302eb101071746e75
   Verifying Hash Integrity ... sha1+ OK
## Loading ramdisk from FIT Image at 10000000 ...
   Using 'conf-zcu-vck' configuration
   Trying 'ramdisk-1' ramdisk subimage
     Description:  Ubuntu ramdisk
     Type:         RAMDisk Image
     Compression:  uncompressed
     Data Start:   0x1122f4c8
     Data Size:    56007515 Bytes = 53.4 MiB
     Architecture: AArch64
     OS:           Linux
     Load Address: unavailable
     Entry Point:  unavailable
     Hash algo:    sha1
     Hash value:   0881845fbaf352a5abb9fcca709f2d3362c63730
   Verifying Hash Integrity ... sha1+ OK
## Flattened Device Tree blob at 7deac680
   Booting using the fdt blob at 0x7deac680
Working FDT set to 7deac680
   Uncompressing Kernel Image
   Loading Ramdisk to 7a93c000, end 7dea5b5b ... OK
   Loading Device Tree to 000000007a931000, end 000000007a93b4ed ... OK
Working FDT set to 7a931000

Starting kernel ...

[    0.000000] Booting Linux on physical CPU 0x0000000000 [0x410fd083]
[    0.000000] Linux version 5.15.0-1020-xilinx-zynqmp (root@xsjsankarji50) (aarch64-linux-gnu-gcc (Ubuntu 9.4.0-1ubuntu1~20.04.1) 9.4.0, GNU ld (GNU Binutils for Ubuntu) 2.34) #22 SMP Tue Jun 13 12:10:05 PDT 2023 (Ubuntu 5.15.0-1020.22-xilinx-zynqmp 5.15.78)
[    0.000000] Machine model: Xilinx Versal vck190 Eval board revA
[    0.000000] earlycon: pl11 at MMIO32 0x00000000ff000000 (options '115200n8')
[    0.000000] printk: bootconsole [pl11] enabled
[    0.000000] efi: UEFI not found.
[    0.000000] NUMA: No NUMA configuration found
[    0.000000] NUMA: Faking a node at [mem 0x0000000000000000-0x00000501ffffffff]
[    0.000000] NUMA: NODE_DATA [mem 0x501fdfcdf80-0x501fdfd2fff]
[    0.000000] Zone ranges:
[    0.000000]   DMA      [mem 0x0000000000000000-0x00000000ffffffff]
[    0.000000]   DMA32    empty
[    0.000000]   Normal   [mem 0x0000000100000000-0x00000501ffffffff]
[    0.000000]   Device   empty
[    0.000000] Movable zone start for each node
[    0.000000] Early memory node ranges
[    0.000000]   node   0: [mem 0x0000000000000000-0x000000007fffffff]
[    0.000000]   node   0: [mem 0x0000000800000000-0x000000097fffffff]
[    0.000000]   node   0: [mem 0x0000050000000000-0x00000501ffffffff]
[    0.000000] Initmem setup node 0 [mem 0x0000000000000000-0x00000501ffffffff]
[    0.000000] cma: Reserved 32 MiB at 0x000000007e000000
[    0.000000] psci: probing for conduit method from DT.
[    0.000000] psci: PSCIv1.1 detected in firmware.
[    0.000000] psci: Using standard PSCI v0.2 function IDs
[    0.000000] psci: MIGRATE_INFO_TYPE not supported.
[    0.000000] psci: SMC Calling Convention v1.4
[    0.000000] percpu: Embedded 30 pages/cpu s83544 r8192 d31144 u122880
[    0.000000] Detected PIPT I-cache on CPU0
[    0.000000] CPU features: detected: GIC system register CPU interface
[    0.000000] CPU features: detected: Spectre-v2
[    0.000000] CPU features: detected: Spectre-v3a
[    0.000000] CPU features: detected: Spectre-BHB
[    0.000000] CPU features: detected: ARM erratum 1742098
[    0.000000] CPU features: detected: ARM errata 1165522, 1319367, or 1530923
[    0.000000] Built 1 zonelists, mobility grouping on.  Total pages: 4128768
[    0.000000] Policy zone: Normal
[    0.000000] Kernel command line:  root=LABEL=writable rootwait earlycon=pl011,mmio32,0xFF000000,115200n8 console=ttyAMA0 clk_ignore_unused
[    0.000000] Dentry cache hash table entries: 2097152 (order: 12, 16777216 bytes, linear)
[    0.000000] Inode-cache hash table entries: 1048576 (order: 11, 8388608 bytes, linear)
[    0.000000] mem auto-init: stack:off, heap alloc:on, heap free:off
[    0.000000] software IO TLB: mapped [mem 0x0000000076931000-0x000000007a931000] (64MB)
[    0.000000] Memory: 16247280K/16777216K available (21824K kernel code, 4500K rwdata, 18352K rodata, 9920K init, 1374K bss, 497168K reserved, 32768K cma-reserved)
[    0.000000] SLUB: HWalign=64, Order=0-3, MinObjects=0, CPUs=2, Nodes=1
[    0.000000] ftrace: allocating 71358 entries in 279 pages
[    0.000000] ftrace: allocated 279 pages with 5 groups
[    0.000000] trace event string verifier disabled
[    0.000000] rcu: Hierarchical RCU implementation.
[    0.000000] rcu:     RCU event tracing is enabled.
[    0.000000] rcu:     RCU restricting CPUs from NR_CPUS=4 to nr_cpu_ids=2.
[    0.000000]  Rude variant of Tasks RCU enabled.
[    0.000000]  Tracing variant of Tasks RCU enabled.
[    0.000000] rcu: RCU calculated value of scheduler-enlistment delay is 25 jiffies.
[    0.000000] rcu: Adjusting geometry for rcu_fanout_leaf=16, nr_cpu_ids=2
[    0.000000] NR_IRQS: 64, nr_irqs: 64, preallocated irqs: 0
[    0.000000] GICv3: GIC: Using split EOI/Deactivate mode
[    0.000000] GICv3: 160 SPIs implemented
[    0.000000] GICv3: 0 Extended SPIs implemented
[    0.000000] GICv3: Distributor has no Range Selector support
[    0.000000] Root IRQ handler: gic_handle_irq
[    0.000000] GICv3: 16 PPIs implemented
[    0.000000] GICv3: CPU0: found redistributor 0 region 0:0x00000000f9080000
[    0.000000] ITS [mem 0xf9020000-0xf903ffff]
[    0.000000] ITS@0x00000000f9020000: allocated 65536 Devices @800280000 (flat, esz 8, psz 64K, shr 0)
[    0.000000] ITS: using cache flushing for cmd queue
[    0.000000] GICv3: using LPI property table @0x0000000800210000
[    0.000000] GIC: using cache flushing for LPI property table
[    0.000000] GICv3: CPU0: using allocated LPI pending table @0x0000000800220000
[    0.000000] arch_timer: cp15 timer(s) running at 100.00MHz (phys).
[    0.000000] clocksource: arch_sys_counter: mask: 0xffffffffffffff max_cycles: 0x171024e7e0, max_idle_ns: 440795205315 ns
[    0.000000] sched_clock: 56 bits at 100MHz, resolution 10ns, wraps every 4398046511100ns
[    0.008538] Console: colour dummy device 80x25
[    0.013081] Calibrating delay loop (skipped), value calculated using timer frequency.. 200.00 BogoMIPS (lpj=400000)
[    0.023607] pid_max: default: 32768 minimum: 301
[    0.028404] LSM: Security Framework initializing
[    0.033076] landlock: Up and running.
[    0.036758] Yama: becoming mindful.
[    0.040360] AppArmor: AppArmor initialized
[    0.044660] Mount-cache hash table entries: 32768 (order: 6, 262144 bytes, linear)
[    0.052348] Mountpoint-cache hash table entries: 32768 (order: 6, 262144 bytes, linear)
[    0.061882] rcu: Hierarchical SRCU implementation.
[    0.067594] Platform MSI: msi-controller@f9020000 domain created
[    0.073763] PCI/MSI: /axi/interrupt-controller@f9000000/msi-controller@f9020000 domain created
[    0.082512] fsl-mc MSI: msi-controller@f9020000 domain created
[    0.088963] EFI services will not be available.
[    0.093873] smp: Bringing up secondary CPUs ...
[    0.164537] Detected PIPT I-cache on CPU1
[    0.164564] GICv3: CPU1: found redistributor 1 region 0:0x00000000f90a0000
[    0.164573] GICv3: CPU1: using allocated LPI pending table @0x0000000800230000
[    0.164599] CPU1: Booted secondary processor 0x0000000001 [0x410fd083]
[    0.164669] smp: Brought up 1 node, 2 CPUs
[    0.193610] SMP: Total of 2 processors activated.
[    0.198347] CPU features: detected: 32-bit EL0 Support
[    0.203522] CPU features: detected: 32-bit EL1 Support
[    0.208695] CPU features: detected: CRC32 instructions
[    0.230510] CPU: All CPU(s) started at EL2
[    0.234707] alternatives: patching kernel code
[    0.240229] devtmpfs: initialized
[    0.251381] Registered cp15_barrier emulation handler
[    0.256487] Registered setend emulation handler
[    0.261054] KASLR disabled due to lack of seed
[    0.265643] clocksource: jiffies: mask: 0xffffffff max_cycles: 0xffffffff, max_idle_ns: 7645041785100000 ns
[    0.275478] futex hash table entries: 512 (order: 3, 32768 bytes, linear)
[    0.282779] pinctrl core: initialized pinctrl subsystem
[    0.288546] DMI not present or invalid.
[    0.292896] NET: Registered PF_NETLINK/PF_ROUTE protocol family
[    0.304095] DMA: preallocated 2048 KiB GFP_KERNEL pool for atomic allocations
[    0.312023] DMA: preallocated 2048 KiB GFP_KERNEL|GFP_DMA pool for atomic allocations
[    0.321209] DMA: preallocated 2048 KiB GFP_KERNEL|GFP_DMA32 pool for atomic allocations
[    0.329336] audit: initializing netlink subsys (disabled)
[    0.334931] audit: type=2000 audit(0.244:1): state=initialized audit_enabled=0 res=1
[    0.335622] thermal_sys: Registered thermal governor 'fair_share'
[    0.342745] thermal_sys: Registered thermal governor 'bang_bang'
[    0.348885] thermal_sys: Registered thermal governor 'step_wise'
[    0.354935] thermal_sys: Registered thermal governor 'user_space'
[    0.360986] thermal_sys: Registered thermal governor 'power_allocator'
[    0.367187] cpuidle: using governor ladder
[    0.377904] cpuidle: using governor menu
[    0.381963] hw-breakpoint: found 6 breakpoint and 4 watchpoint registers.
[    0.388839] ASID allocator initialised with 65536 entries
[    0.394915] Serial: AMBA PL011 UART driver
[    0.418681] HugeTLB registered 1.00 GiB page size, pre-allocated 0 pages
[    0.425451] HugeTLB registered 32.0 MiB page size, pre-allocated 0 pages
[    0.432205] HugeTLB registered 2.00 MiB page size, pre-allocated 0 pages
[    0.438957] HugeTLB registered 64.0 KiB page size, pre-allocated 0 pages
[    0.517776] raid6: neonx8   gen()  3850 MB/s
[    0.589825] raid6: neonx8   xor()  2827 MB/s
[    0.661876] raid6: neonx4   gen()  3969 MB/s
[    0.733921] raid6: neonx4   xor()  2932 MB/s
[    0.805971] raid6: neonx2   gen()  3564 MB/s
[    0.878021] raid6: neonx2   xor()  2690 MB/s
[    0.950069] raid6: neonx1   gen()  2724 MB/s
[    1.022118] raid6: neonx1   xor()  2161 MB/s
[    1.094165] raid6: int64x8  gen()  2111 MB/s
[    1.166214] raid6: int64x8  xor()  1277 MB/s
[    1.238267] raid6: int64x4  gen()  2297 MB/s
[    1.310321] raid6: int64x4  xor()  1304 MB/s
[    1.382365] raid6: int64x2  gen()  2123 MB/s
[    1.454413] raid6: int64x2  xor()  1182 MB/s
[    1.526465] raid6: int64x1  gen()  1623 MB/s
[    1.598520] raid6: int64x1  xor()   879 MB/s
[    1.602818] raid6: using algorithm neonx4 gen() 3969 MB/s
[    1.608255] raid6: .... xor() 2932 MB/s, rmw enabled
[    1.613253] raid6: using neon recovery algorithm
[    1.618482] ACPI: Interpreter disabled.
[    1.623016] iommu: Default domain type: Translated
[    1.627947] iommu: DMA domain TLB invalidation policy: strict mode
[    1.634912] SCSI subsystem initialized
[    1.638965] vgaarb: loaded
[    1.641779] usbcore: registered new interface driver usbfs
[    1.647335] usbcore: registered new interface driver hub
[    1.652704] usbcore: registered new device driver usb
[    1.657985] mc: Linux media interface: v0.10
[    1.662298] videodev: Linux video capture interface: v2.00
[    1.667874] pps_core: LinuxPPS API ver. 1 registered
[    1.672876] pps_core: Software ver. 5.3.6 - Copyright 2005-2007 Rodolfo Giometti <giometti@linux.it>
[    1.682087] PTP clock support registered
[    1.686167] EDAC MC: Ver: 3.0.0
[    1.690120] FPGA manager framework
[    1.693677] Advanced Linux Sound Architecture Driver Initialized.
[    1.700222] NetLabel: Initializing
[    1.703643] NetLabel:  domain hash size = 128
[    1.708033] NetLabel:  protocols = UNLABELED CIPSOv4 CALIPSO
[    1.713782] NetLabel:  unlabeled traffic allowed by default
[    1.719809] clocksource: Switched to clocksource arch_sys_counter
[    1.780558] VFS: Disk quotas dquot_6.6.0
[    1.784565] VFS: Dquot-cache hash table entries: 512 (order 0, 4096 bytes)
[    1.791951] AppArmor: AppArmor Filesystem Enabled
[    1.796749] pnp: PnP ACPI: disabled
[    1.804917] NET: Registered PF_INET protocol family
[    1.810350] IP idents hash table entries: 262144 (order: 9, 2097152 bytes, linear)
[    1.822760] tcp_listen_portaddr_hash hash table entries: 8192 (order: 5, 131072 bytes, linear)
[    1.831630] Table-perturb hash table entries: 65536 (order: 6, 262144 bytes, linear)
[    1.839674] TCP established hash table entries: 131072 (order: 8, 1048576 bytes, linear)
[    1.848693] TCP bind hash table entries: 65536 (order: 8, 1048576 bytes, linear)
[    1.856768] TCP: Hash tables configured (established 131072 bind 65536)
[    1.863781] MPTCP token hash table entries: 16384 (order: 6, 393216 bytes, linear)
[    1.871681] UDP hash table entries: 8192 (order: 6, 262144 bytes, linear)
[    1.878841] UDP-Lite hash table entries: 8192 (order: 6, 262144 bytes, linear)
[    1.886613] NET: Registered PF_UNIX/PF_LOCAL protocol family
[    1.892910] RPC: Registered named UNIX socket transport module.
[    1.898893] RPC: Registered udp transport module.
[    1.903637] RPC: Registered tcp transport module.
[    1.908376] RPC: Registered tcp NFSv4.1 backchannel transport module.
[    1.914870] NET: Registered PF_XDP protocol family
[    1.919703] PCI: CLS 0 bytes, default 64
[    1.923906] Trying to unpack rootfs image as initramfs...
[    2.204007] hw perfevents: enabled with armv8_pmuv3 PMU driver, 7 counters available
[    2.212096] kvm [1]: IPA Size Limit: 44 bits
[    2.218023] kvm [1]: GICv3: no GICV resource entry
[    2.222899] kvm [1]: disabling GICv2 emulation
[    2.227430] kvm [1]: GIC system register CPU interface enabled
[    2.233870] kvm [1]: vgic interrupt IRQ9
[    2.238496] kvm [1]: Hyp mode initialized successfully
[    2.245621] Initialise system trusted keyrings
[    2.250211] Key type blacklist registered
[    2.254516] workingset: timestamp_bits=40 max_order=22 bucket_order=0
[    2.264681] zbud: loaded
[    2.268318] squashfs: version 4.0 (2009/01/31) Phillip Lougher
[    2.275405] NFS: Registering the id_resolver key type
[    2.280588] Key type id_resolver registered
[    2.284820] Key type id_legacy registered
[    2.289007] nfs4filelayout_init: NFSv4 File Layout Driver Registering...
[    2.295829] nfs4flexfilelayout_init: NFSv4 Flexfile Layout Driver Registering...
[    2.303353] jffs2: version 2.2. (NAND) (SUMMARY)  Â© 2001-2006 Red Hat, Inc.
[    2.310858] fuse: init (API version 7.34)
[    2.315487] integrity: Platform Keyring initialized
[    2.349482] NET: Registered PF_ALG protocol family
[    2.354377] xor: measuring software checksum speed
[    2.360983]    8regs           :  5683 MB/sec
[    2.366897]    32regs          :  6582 MB/sec
[    2.373000]    arm64_neon      :  5806 MB/sec
[    2.377398] xor: using function: 32regs (6582 MB/sec)
[    2.382509] Key type asymmetric registered
[    2.386668] Asymmetric key parser 'x509' registered
[    2.391703] Block layer SCSI generic (bsg) driver version 0.4 loaded (major 238)
[    2.399388] io scheduler mq-deadline registered
[    2.403993] io scheduler kyber registered
[    2.409210] irq-xilinx: mismatch in kind-of-intr param
[    2.414444] irq-xilinx: /pl-bus/interrupt-controller@a5000000: num_irq=32, sw_irq=0, edge=0x7fffffff
[    2.427988] shpchp: Standard Hot Plug PCI Controller Driver version: 0.4
[    2.473491] Serial: 8250/16550 driver, 4 ports, IRQ sharing enabled
[    2.481422] Serial: AMBA driver
[    2.485065] msm_serial: driver initialized
[    2.490358] cacheinfo: Unable to detect cache hierarchy for CPU 0
[    2.503275] brd: module loaded
[    2.510937] loop: module loaded
[    2.515005] SPI driver altr_a10sr has no spi_device_id for altr,a10sr
[    2.523409] mtdoops: mtd device (mtddev=name/number) must be supplied
[    2.532066] tun: Universal TUN/TAP device driver, 1.6
[    2.538159] PPP generic driver version 2.4.2
[    2.542837] usbcore: registered new interface driver asix
[    2.548415] usbcore: registered new interface driver ax88179_178a
[    2.554656] usbcore: registered new interface driver cdc_ether
[    2.560606] usbcore: registered new interface driver net1080
[    2.566416] usbcore: registered new interface driver cdc_subset
[    2.572465] usbcore: registered new interface driver zaurus
[    2.578180] usbcore: registered new interface driver cdc_ncm
[    2.584538] ehci_hcd: USB 2.0 'Enhanced' Host Controller (EHCI) Driver
[    2.591163] ehci-pci: EHCI PCI platform driver
[    2.595716] ehci-orion: EHCI orion driver
[    2.599944] ohci_hcd: USB 1.1 'Open' Host Controller (OHCI) Driver
[    2.606208] ohci-pci: OHCI PCI platform driver
[    2.610759] uhci_hcd: USB Universal Host Controller Interface driver
[    2.617732] usbcore: registered new interface driver uas
[    2.623202] usbcore: registered new interface driver usb-storage
[    2.629729] mousedev: PS/2 mouse device common for all mice
[    2.636040] i2c_dev: i2c /dev entries driver
[    2.641859] usbcore: registered new interface driver uvcvideo
[    2.648938] device-mapper: core: CONFIG_IMA_DISABLE_HTABLE is disabled. Duplicate IMA measurements will not be recorded in the IMA log.
[    2.661340] device-mapper: uevent: version 1.0.3
[    2.666265] device-mapper: ioctl: 4.45.0-ioctl (2021-03-22) initialised: dm-devel@redhat.com
[    2.675327] EDAC ZynqMP-OCM: ECC not enabled - Disabling EDAC driver
[    2.682963] sdhci: Secure Digital Host Controller Interface driver
[    2.689220] sdhci: Copyright(c) Pierre Ossman
[    2.693617] sdhci-pltfm: SDHCI platform and OF driver helper
[    2.699982] ledtrig-cpu: registered to indicate activity on CPUs
[    2.707018] SMCCC: SOC_ID: ID = jep106:0049:0000 Revision = 0x00000000
[    2.713989] zynqmp_firmware_probe Platform Management API v1.0
[    2.719893] zynqmp_firmware_probe Trustzone version v1.0
[    2.727090] xlnx_event_manager xlnx_event_manager: SGI 15 Registered over ATF
[    2.734328] xlnx_event_manager xlnx_event_manager: Xilinx Event Management driver probed
[    2.792144] securefw securefw: securefw probed
[    2.797135] hid: raw HID events driver (C) Jiri Kosina
[    2.804101] sysmon f1270000.sysmon: Successfully registered Versal Sysmon
[    2.811457] ARM CCI_500 PMU driver probed
[    2.812908] usbcore: registered new interface driver snd-usb-audio
[    2.824437] pktgen: Packet Generator for packet performance testing. Version: 2.75
[    2.840080] drop_monitor: Initializing network drop monitor service
[    2.846627] Initializing XFRM netlink socket
[    2.851362] NET: Registered PF_INET6 protocol family
[    3.099756] Freeing initrd memory: 54692K
[    3.123185] Segment Routing with IPv6
[    3.126930] In-situ OAM (IOAM) with IPv6
[    3.130997] NET: Registered PF_PACKET protocol family
[    3.136188] 8021q: 802.1Q VLAN Support v1.8
[    3.140621] Key type dns_resolver registered
[    3.145391] registered taskstats version 1
[    3.149609] Loading compiled-in X.509 certificates
[    3.156087] Loaded X.509 cert 'Build time autogenerated kernel key: dc172de9d380de1d304d2a93dec89f871ea8995d'
[    3.167459] Loaded X.509 cert 'Canonical Ltd. Live Patch Signing: 14df34d1a87cf37625abec039ef2bf521249b969'
[    3.178622] Loaded X.509 cert 'Canonical Ltd. Kernel Module Signing: 88f752e560a1e0737e31163a466ad7b70a850c19'
[    3.188709] blacklist: Loading compiled-in revocation X.509 certificates
[    3.195514] Loaded X.509 cert 'Canonical Ltd. Secure Boot Signing: 61482aa2830d0ab2ad5af10b7250da9033ddcef0'
[    3.205622] zswap: loaded using pool lzo/zbud
[    3.210353] Key type .fscrypt registered
[    3.214329] Key type fscrypt-provisioning registered
[    3.221795] Btrfs loaded, crc32c=crc32c-generic, zoned=yes, fsverity=yes
[    3.284514] cryptd: max_cpu_qlen set to 1000
[    3.308994] Key type encrypted registered
[    3.313117] AppArmor: AppArmor sha1 policy hashing enabled
[    3.318727] ima: No TPM chip found, activating TPM-bypass!
[    3.324277] Loading compiled-in module X.509 certificates
[    3.331071] Loaded X.509 cert 'Build time autogenerated kernel key: dc172de9d380de1d304d2a93dec89f871ea8995d'
[    3.341073] ima: Allocated hash algorithm: sha1
[    3.345655] ima: No architecture policies found
[    3.350264] evm: Initialising EVM extended attributes:
[    3.355450] evm: security.selinux
[    3.358789] evm: security.SMACK64
[    3.362125] evm: security.SMACK64EXEC
[    3.365813] evm: security.SMACK64TRANSMUTE
[    3.369940] evm: security.SMACK64MMAP
[    3.373628] evm: security.apparmor
[    3.377053] evm: security.ima
[    3.380040] evm: security.capability
[    3.383634] evm: HMAC attrs: 0x1
[    3.387690] SError Interrupt on CPU0, code 0xbf000002 -- SError
[    3.387698] CPU: 0 PID: 1 Comm: swapper/0 Not tainted 5.15.0-1020-xilinx-zynqmp #22
[    3.387703] Hardware name: Xilinx Versal vck190 Eval board revA (DT)
[    3.387706] pstate: 80000005 (Nzcv daif -PAN -UAO -TCO -DIT -SSBS BTYPE=--)
[    3.387711] pc : uart_register_driver+0x0/0x198
[    3.387723] lr : pl011_register_port+0xb4/0x118
[    3.387728] sp : ffff80000b6eba00
[    3.387730] x29: ffff80000b6eba00 x28: 0000000000000000 x27: ffff80000a7604ec
[    3.387738] x26: ffff0501fdfe2bc0 x25: ffff0501fdfe2bb8 x24: ffff80000b6780d8
[    3.387744] x23: ffff0008006765b0 x22: ffff80000b42e538 x21: ffff80000b42e258
[    3.387750] x20: ffff000800793080 x19: ffff000800793080 x18: 0000000000000000
[    3.387756] x17: 303030303066663a x16: 61626d612d2d7265 x15: ffff00080031c320
[    3.387761] x14: 0000000000000000 x13: ffff80000a96dd70 x12: ffff80000a96dd70
[    3.387766] x11: 0000000000000003 x10: 0101010101010101 x9 : ffff800008c08018
[    3.387772] x8 : 7f7f7f7f7f7f7f7f x7 : 64732c3437337271 x6 : 141047145c43003a
[    3.387777] x5 : 0000000000000064 x4 : ffff80000b6757a8 x3 : 0000000000000044
[    3.387783] x2 : 0000000000000002 x1 : 0000000000000000 x0 : ffff80000b42e3d0
[    3.387790] Kernel panic - not syncing: Asynchronous SError Interrupt
[    3.387793] CPU: 0 PID: 1 Comm: swapper/0 Not tainted 5.15.0-1020-xilinx-zynqmp #22
[    3.387797] Hardware name: Xilinx Versal vck190 Eval board revA (DT)
[    3.387800] Call trace:
[    3.387802]  dump_backtrace+0x0/0x200
[    3.387807]  show_stack+0x20/0x30
[    3.387811]  dump_stack_lvl+0x68/0x84
[    3.387816]  dump_stack+0x18/0x34
[    3.387820]  panic+0x140/0x350
[    3.387826]  nmi_panic+0x94/0x98
[    3.387831]  arm64_serror_panic+0x78/0x88
[    3.387835]  do_serror+0x30/0x68
[    3.387838]  el1h_64_error_handler+0x3c/0x70
[    3.387843]  el1h_64_error+0x78/0x7c
[    3.387847]  uart_register_driver+0x0/0x198
[    3.387852]  pl011_probe+0x120/0x140
[    3.387855]  amba_probe+0xdc/0x168
[    3.387859]  really_probe.part.0+0xac/0x3d8
[    3.387865]  really_probe+0x40/0x88
[    3.387869]  __driver_probe_device+0x11c/0x190
[    3.387874]  driver_probe_device+0x88/0x118
[    3.387879]  __device_attach_driver+0xc4/0x160
[    3.387883]  bus_for_each_drv+0x80/0xd8
[    3.387888]  __device_attach+0x104/0x1b8
[    3.387892]  device_initial_probe+0x1c/0x28
[    3.387896]  bus_probe_device+0xa4/0xb0
[    3.387901]  device_add+0x3cc/0x878
[    3.387904]  amba_device_try_add+0x1a8/0x340
[    3.387911]  amba_deferred_retry+0x58/0xb8
[    3.387916]  do_one_initcall+0x50/0x248
[    3.387920]  kernel_init_freeable+0x290/0x334
[    3.387927]  kernel_init+0x2c/0x140
[    3.387931]  ret_from_fork+0x10/0x20
[    3.387937] SMP: stopping secondary CPUs
[    3.387946] Kernel Offset: disabled
[    3.387947] CPU features: 0x800800b1,20000846
[    3.387951] Memory Limit: none
